// Jest Snapshot v1, https://goo.gl/fbAQLP

exports[`market reducer should set initial state 1`] = `
Object {
  "change": Object {
    "daily": Object {
      "ATOM": Object {
        "BTC": -0.0045,
        "ETH": -0.0016,
        "USD": 0.0045,
      },
      "BTC": Object {
        "BTC": 0,
        "ETH": -0.0016,
        "USD": 0.0043,
      },
      "ETH": Object {
        "BTC": 0.0045,
        "ETH": 0,
        "USD": 0.0143,
      },
      "USD": Object {
        "BTC": 0.0045,
        "ETH": -0.0016,
        "USD": 0,
      },
      "XLM": Object {
        "BTC": 0.0033,
        "ETH": -0.0016,
        "USD": 0.0045,
      },
      "ZIL": Object {
        "BTC": 0.0045,
        "ETH": 0.0216,
        "USD": 0.0002,
      },
    },
  },
  "exchangeRates": Object {
    "BAT": Object {
      "ETH": 0.001281,
    },
    "CENNZ": Object {
      "ETH": 0.0005804,
    },
    "CRO": Object {
      "ETH": 0.0002848,
    },
    "ETH": Object {
      "BTC": 0.017713,
      "CNY": 1032.85,
      "DAI": 151.15,
      "EUR": 135.54,
      "JPY": 16481.83,
      "SGD": 202.43,
      "USD": 150.76,
      "USDT": 150.85,
    },
    "HEDG": Object {
      "ETH": 0.01471,
    },
    "HT": Object {
      "ETH": 0.02053,
    },
    "KCS": Object {
      "ETH": 0.00701,
    },
    "LEO": Object {
      "ETH": 0.005713,
    },
    "LINK": Object {
      "ETH": 0.01501,
    },
    "MKR": Object {
      "ETH": 3.246,
    },
    "OKB": Object {
      "ETH": 0.01938,
    },
    "PAX": Object {
      "ETH": 0.006644,
    },
    "SNX": Object {
      "ETH": 0.006693,
    },
    "SXP": Object {
      "ETH": 0.009383,
    },
    "USDC": Object {
      "ETH": 0.006639,
    },
    "ZIL": Object {
      "CNY": 0.03273,
      "DAI": 0.004802,
      "EUR": 0.004293,
      "JPY": 0.5241,
      "SGD": 0.006416,
      "USD": 0.004778,
      "USDT": 0.004723,
    },
    "ZRX": Object {
      "ETH": 0.001475,
    },
  },
}
`;
