// Jest Snapshot v1, https://goo.gl/fbAQLP

exports[`header go back button renders correctly 1`] = `
"<TouchableOpacity onPress={[undefined]} style={{...}} activeOpacity={0.2}>
  <Icon name=\\"arrow-left-1\\" size={20} style={{...}} allowFontScaling={false} />
  <Component>
    Back
  </Component>
</TouchableOpacity>"
`;
