// Jest Snapshot v1, https://goo.gl/fbAQLP

exports[`coin dashboard component renders correctly 1`] = `
"<View style={{...}}>
  <View style={{...}}>
    <withTheme(Connect(ConversionCardComponent)) fromCurrency=\\"ZIL\\" toCurrency=\\"USD\\" />
    <withTheme(Connect(ConversionCardComponent)) fromCurrency=\\"ZIL\\" toCurrency=\\"BTC\\" />
    <withTheme(Connect(ConversionCardComponent)) fromCurrency=\\"ZIL\\" toCurrency=\\"ETH\\" />
  </View>
  <ScrollViewMock style={{...}} />
</View>"
`;
