// Jest Snapshot v1, https://goo.gl/fbAQLP

exports[`qr code modal  renders correctly 1`] = `
"<Component animationType=\\"slide\\" transparent={false} visible={false} presentationStyle=\\"overFullScreen\\" hardwareAccelerated={false}>
  <View style={{...}}>
    <CameraScreen actions={{...}} onBottomButtonPressed={[Function: onBottomButtonPressed]} scanBarcode={true} onReadCode={[Function: onReadCode]} showFrame={true} offsetForScannerFrame={10} heightForScannerFrame={500} colorForScannerFrame=\\"red\\" allowCaptureRetake={false} />
  </View>
</Component>"
`;
