// Jest Snapshot v1, https://goo.gl/fbAQLP

exports[`SendScreen renders correctly 1`] = `
"<View style={{...}}>
  <withTheme(Connect(TestnetBadgeComponent)) />
  <View style={{...}}>
    <withTheme(HeaderStepByStepComponent) steps={{...}} selectStep={[Function: selectStep]} />
    <withTheme(Connect(AddAddressComponent)) account={{...}} blockchain=\\"ZILLIQA\\" chainId={[undefined]} onChange={[Function: onChange]} />
    <View style={{...}}>
      <View style={{...}} />
      <View style={{...}}>
        <View style={{...}}>
          <View style={{...}}>
            <withTheme(TextComponent) style={{...}}>
              Send
            </withTheme(TextComponent)>
            <withTheme(TextComponent) style={{...}}>
              To
            </withTheme(TextComponent)>
            <withTheme(TextComponent) style={{...}}>
              ___...___
            </withTheme(TextComponent)>
          </View>
        </View>
        <View style={{...}}>
          <withTheme(ButtonComponent) style={{...}} primary={true} disabled={true} onPress={[Function: onPress]}>
            Next
          </withTheme(ButtonComponent)>
        </View>
      </View>
    </View>
  </View>
</View>"
`;

exports[`SendScreen renders correctly 2`] = `
"<View style={{...}}>
  <withTheme(Connect(TestnetBadgeComponent)) />
  <View style={{...}}>
    <withTheme(HeaderStepByStepComponent) steps={{...}} selectStep={[Function: selectStep]} />
    <withTheme(Connect(AddAddressComponent)) account={{...}} blockchain=\\"ZILLIQA\\" chainId={[undefined]} onChange={[Function: onChange]} />
    <View style={{...}}>
      <View style={{...}} />
      <View style={{...}}>
        <View style={{...}}>
          <View style={{...}}>
            <withTheme(TextComponent) style={{...}}>
              Send
            </withTheme(TextComponent)>
            <withTheme(TextComponent) style={{...}}>
              To
            </withTheme(TextComponent)>
            <withTheme(TextComponent) style={{...}}>
              ___...___
            </withTheme(TextComponent)>
          </View>
        </View>
        <View style={{...}}>
          <withTheme(ButtonComponent) style={{...}} primary={true} disabled={true} onPress={[Function: onPress]}>
            Next
          </withTheme(ButtonComponent)>
        </View>
      </View>
    </View>
  </View>
</View>"
`;
