// Jest Snapshot v1, https://goo.gl/fbAQLP

exports[`wallet actions addWallet actions return correct object 1`] = `
Object {
  "data": "1",
  "type": "SELECT_WALLET",
}
`;

exports[`wallet actions createHDWallet working properly 1`] = `
[MockFunction] {
  "calls": Array [
    Array [
      Object {
        "type": "OPEN_LOADING_MODAL",
      },
    ],
    Array [
      Object {
        "data": Object {
          "accounts": Array [
            Object {
              "address": "zil1kqj0fp7ja409llrjt4q4tja4uvue8vtp65gahs",
              "blockchain": "ZILLIQA",
              "index": 0,
              "publicKey": "0310a8a9ad39c2c9a878bf1a42895ee122806d1f4cf510f604d274b04f5a5854cc",
              "selected": true,
              "tokens": Object {
                "1": Object {
                  "ZIL": Object {
                    "active": true,
                    "balance": Object {
                      "error": undefined,
                      "inProgress": false,
                      "timestamp": undefined,
                      "value": "0",
                    },
                    "order": 0,
                    "symbol": "ZIL",
                  },
                },
                "333": Object {
                  "ZIL": Object {
                    "active": true,
                    "balance": Object {
                      "error": undefined,
                      "inProgress": false,
                      "timestamp": undefined,
                      "value": "0",
                    },
                    "order": 0,
                    "symbol": "ZIL",
                  },
                },
              },
            },
            Object {
              "address": "zil1lt5t8hkzgmzfwqp2s234qpr3hn9un9zdck56wm",
              "blockchain": "ZILLIQA",
              "index": 1,
              "publicKey": "0362f31a424e62c75b38534ce16a1b607dd216eae22aa4add9042b16d6750e43e8",
              "selected": false,
              "tokens": Object {
                "1": Object {
                  "ZIL": Object {
                    "active": true,
                    "balance": Object {
                      "error": undefined,
                      "inProgress": false,
                      "timestamp": undefined,
                      "value": "0",
                    },
                    "order": 0,
                    "symbol": "ZIL",
                  },
                },
                "333": Object {
                  "ZIL": Object {
                    "active": true,
                    "balance": Object {
                      "error": undefined,
                      "inProgress": false,
                      "timestamp": undefined,
                      "value": "0",
                    },
                    "order": 0,
                    "symbol": "ZIL",
                  },
                },
              },
            },
            Object {
              "address": "zil1sdlr86lc6q53q6yqz03eq8chq08jdfxxva2ja9",
              "blockchain": "ZILLIQA",
              "index": 2,
              "publicKey": "03ac450f102e107fb033dfb925b75b63f6855a7933b9aec26742971bdb64939fb3",
              "selected": false,
              "tokens": Object {
                "1": Object {
                  "ZIL": Object {
                    "active": true,
                    "balance": Object {
                      "error": undefined,
                      "inProgress": false,
                      "timestamp": undefined,
                      "value": "0",
                    },
                    "order": 0,
                    "symbol": "ZIL",
                  },
                },
                "333": Object {
                  "ZIL": Object {
                    "active": true,
                    "balance": Object {
                      "error": undefined,
                      "inProgress": false,
                      "timestamp": undefined,
                      "value": "0",
                    },
                    "order": 0,
                    "symbol": "ZIL",
                  },
                },
              },
            },
            Object {
              "address": "zil1pdgzy7mne6qmv6z298u2w4fpd7272yuuh5vctc",
              "blockchain": "ZILLIQA",
              "index": 3,
              "publicKey": "020acf03d556082f341b650ec632592809638a6e2e7886e9d65e4164ed6fa3bb8a",
              "selected": false,
              "tokens": Object {
                "1": Object {
                  "ZIL": Object {
                    "active": true,
                    "balance": Object {
                      "error": undefined,
                      "inProgress": false,
                      "timestamp": undefined,
                      "value": "0",
                    },
                    "order": 0,
                    "symbol": "ZIL",
                  },
                },
                "333": Object {
                  "ZIL": Object {
                    "active": true,
                    "balance": Object {
                      "error": undefined,
                      "inProgress": false,
                      "timestamp": undefined,
                      "value": "0",
                    },
                    "order": 0,
                    "symbol": "ZIL",
                  },
                },
              },
            },
            Object {
              "address": "zil1kpqpw78el6zqnmmkvxtcgzh7jyjmktfwtr7nwg",
              "blockchain": "ZILLIQA",
              "index": 4,
              "publicKey": "0375d579fddf8e8088b8d195844b478f8d4b3cb7004b76c5c2de2ed2f47a439de5",
              "selected": false,
              "tokens": Object {
                "1": Object {
                  "ZIL": Object {
                    "active": true,
                    "balance": Object {
                      "error": undefined,
                      "inProgress": false,
                      "timestamp": undefined,
                      "value": "0",
                    },
                    "order": 0,
                    "symbol": "ZIL",
                  },
                },
                "333": Object {
                  "ZIL": Object {
                    "active": true,
                    "balance": Object {
                      "error": undefined,
                      "inProgress": false,
                      "timestamp": undefined,
                      "value": "0",
                    },
                    "order": 0,
                    "symbol": "ZIL",
                  },
                },
              },
            },
            Object {
              "address": "0x151250cB2bB034247c8ffBeD91B7Fb1e9f3e9FFE",
              "blockchain": "ETHEREUM",
              "index": 0,
              "publicKey": "22d185a1eda6240e2004a4794e50daff53eb3e5194bf21d4cca3be002688566ee2af4d5724dbe507646649193e5f8368ee63fb257147fbb2bafed87e63717c68",
              "selected": false,
              "tokens": Object {
                "1": Object {
                  "ETH": Object {
                    "active": true,
                    "balance": Object {
                      "error": undefined,
                      "inProgress": false,
                      "timestamp": undefined,
                      "value": "0",
                    },
                    "order": 0,
                    "symbol": "ETH",
                  },
                },
                "4": Object {
                  "ETH": Object {
                    "active": true,
                    "balance": Object {
                      "error": undefined,
                      "inProgress": false,
                      "timestamp": undefined,
                      "value": "0",
                    },
                    "order": 0,
                    "symbol": "ETH",
                  },
                },
              },
            },
            Object {
              "address": "0x6D179861ea6C879269Fa65b71119e86b3e075c64",
              "blockchain": "ETHEREUM",
              "index": 1,
              "publicKey": "d95dadc866a4acbbf37fb7347f26ddf59955c0b978f7356861e2e7e7a17eaaa07e632630ee164969b84a196e724acbd0ad9b230276c694c0de2fb9fc05239398",
              "selected": false,
              "tokens": Object {
                "1": Object {
                  "ETH": Object {
                    "active": true,
                    "balance": Object {
                      "error": undefined,
                      "inProgress": false,
                      "timestamp": undefined,
                      "value": "0",
                    },
                    "order": 0,
                    "symbol": "ETH",
                  },
                },
                "4": Object {
                  "ETH": Object {
                    "active": true,
                    "balance": Object {
                      "error": undefined,
                      "inProgress": false,
                      "timestamp": undefined,
                      "value": "0",
                    },
                    "order": 0,
                    "symbol": "ETH",
                  },
                },
              },
            },
            Object {
              "address": "0x99B494729398F27acF32a3237eC87c1547ce33f3",
              "blockchain": "ETHEREUM",
              "index": 2,
              "publicKey": "80d9f6726b66996bef42495c8623ea7ef8c9429da5eec12c666998ed2fd9cbde86da22b8252e9b8e3e638bd7405bea4db11d4efc305c616ce7e9cececf2bd03e",
              "selected": false,
              "tokens": Object {
                "1": Object {
                  "ETH": Object {
                    "active": true,
                    "balance": Object {
                      "error": undefined,
                      "inProgress": false,
                      "timestamp": undefined,
                      "value": "0",
                    },
                    "order": 0,
                    "symbol": "ETH",
                  },
                },
                "4": Object {
                  "ETH": Object {
                    "active": true,
                    "balance": Object {
                      "error": undefined,
                      "inProgress": false,
                      "timestamp": undefined,
                      "value": "0",
                    },
                    "order": 0,
                    "symbol": "ETH",
                  },
                },
              },
            },
            Object {
              "address": "0x0dCdBDd1aeb52d6Dc1079e8D31F24F8c9109829C",
              "blockchain": "ETHEREUM",
              "index": 3,
              "publicKey": "4707217d4ecd5bf90bd9762b3997e014155abe724967ca5162d9ed6e37b4bfa583f576f4ff371014cf64ede7993b3bc0deed630fe12d245be3f4255cb4f671ed",
              "selected": false,
              "tokens": Object {
                "1": Object {
                  "ETH": Object {
                    "active": true,
                    "balance": Object {
                      "error": undefined,
                      "inProgress": false,
                      "timestamp": undefined,
                      "value": "0",
                    },
                    "order": 0,
                    "symbol": "ETH",
                  },
                },
                "4": Object {
                  "ETH": Object {
                    "active": true,
                    "balance": Object {
                      "error": undefined,
                      "inProgress": false,
                      "timestamp": undefined,
                      "value": "0",
                    },
                    "order": 0,
                    "symbol": "ETH",
                  },
                },
              },
            },
            Object {
              "address": "0x7bEE31e0Da267B1874ADAD851c6b925A11104cAA",
              "blockchain": "ETHEREUM",
              "index": 4,
              "publicKey": "4a8ec646a13b1b2d7a49e6f578191a81da860c8461077110b3bd05fb10025ac9caecbbbeb96819ee4114cc1aca3ab633b9fd15e21d256f8fa0f0f05f4bc2f802",
              "selected": false,
              "tokens": Object {
                "1": Object {
                  "ETH": Object {
                    "active": true,
                    "balance": Object {
                      "error": undefined,
                      "inProgress": false,
                      "timestamp": undefined,
                      "value": "0",
                    },
                    "order": 0,
                    "symbol": "ETH",
                  },
                },
                "4": Object {
                  "ETH": Object {
                    "active": true,
                    "balance": Object {
                      "error": undefined,
                      "inProgress": false,
                      "timestamp": undefined,
                      "value": "0",
                    },
                    "order": 0,
                    "symbol": "ETH",
                  },
                },
              },
            },
            Object {
              "address": "0x215e8474E43084c89F8C68d5D21F4014EB7E37a2",
              "blockchain": "CELO",
              "index": 0,
              "publicKey": "0078fe68d4e4c748b78acbca4e12d00979681e61ccd13c10637c75a4c0d9899a0eda28ab173c313ed750192b264979a53e15e159ed4ae37a9eff9d64cf80fd4a",
              "selected": false,
              "tokens": Object {
                "40120": Object {
                  "cGLD": Object {
                    "active": true,
                    "balance": Object {
                      "error": undefined,
                      "inProgress": false,
                      "timestamp": undefined,
                      "value": "0",
                    },
                    "order": 999,
                    "symbol": "cGLD",
                  },
                  "cUSD": Object {
                    "active": true,
                    "balance": Object {
                      "error": undefined,
                      "inProgress": false,
                      "timestamp": undefined,
                      "value": "0",
                    },
                    "order": 999,
                    "symbol": "cUSD",
                  },
                },
                "42220": Object {
                  "cGLD": Object {
                    "active": true,
                    "balance": Object {
                      "error": undefined,
                      "inProgress": false,
                      "timestamp": undefined,
                      "value": "0",
                    },
                    "order": 999,
                    "symbol": "cGLD",
                  },
                  "cUSD": Object {
                    "active": true,
                    "balance": Object {
                      "error": undefined,
                      "inProgress": false,
                      "timestamp": undefined,
                      "value": "0",
                    },
                    "order": 999,
                    "symbol": "cUSD",
                  },
                },
                "44786": Object {
                  "cGLD": Object {
                    "active": true,
                    "balance": Object {
                      "error": undefined,
                      "inProgress": false,
                      "timestamp": undefined,
                      "value": "0",
                    },
                    "order": 999,
                    "symbol": "cGLD",
                  },
                  "cUSD": Object {
                    "active": true,
                    "balance": Object {
                      "error": undefined,
                      "inProgress": false,
                      "timestamp": undefined,
                      "value": "0",
                    },
                    "order": 999,
                    "symbol": "cUSD",
                  },
                },
              },
            },
            Object {
              "address": "0xFF734F082F340407B60C842eaa2C87eEA5Bc38F5",
              "blockchain": "CELO",
              "index": 1,
              "publicKey": "abd3a240fce005327f61b45b40260778c8de60f4bb2d2a9e7d88df66f202caa2caf42ebb2c15783df3cd0f38295b4b9d923983cb4f47802f129642fc54b0d692",
              "selected": false,
              "tokens": Object {
                "40120": Object {
                  "cGLD": Object {
                    "active": true,
                    "balance": Object {
                      "error": undefined,
                      "inProgress": false,
                      "timestamp": undefined,
                      "value": "0",
                    },
                    "order": 999,
                    "symbol": "cGLD",
                  },
                  "cUSD": Object {
                    "active": true,
                    "balance": Object {
                      "error": undefined,
                      "inProgress": false,
                      "timestamp": undefined,
                      "value": "0",
                    },
                    "order": 999,
                    "symbol": "cUSD",
                  },
                },
                "42220": Object {
                  "cGLD": Object {
                    "active": true,
                    "balance": Object {
                      "error": undefined,
                      "inProgress": false,
                      "timestamp": undefined,
                      "value": "0",
                    },
                    "order": 999,
                    "symbol": "cGLD",
                  },
                  "cUSD": Object {
                    "active": true,
                    "balance": Object {
                      "error": undefined,
                      "inProgress": false,
                      "timestamp": undefined,
                      "value": "0",
                    },
                    "order": 999,
                    "symbol": "cUSD",
                  },
                },
                "44786": Object {
                  "cGLD": Object {
                    "active": true,
                    "balance": Object {
                      "error": undefined,
                      "inProgress": false,
                      "timestamp": undefined,
                      "value": "0",
                    },
                    "order": 999,
                    "symbol": "cGLD",
                  },
                  "cUSD": Object {
                    "active": true,
                    "balance": Object {
                      "error": undefined,
                      "inProgress": false,
                      "timestamp": undefined,
                      "value": "0",
                    },
                    "order": 999,
                    "symbol": "cUSD",
                  },
                },
              },
            },
            Object {
              "address": "0x2F106C29B08Ff87b6402CF63df2C7c46f6b45ff9",
              "blockchain": "CELO",
              "index": 2,
              "publicKey": "8495068c0501d67934a940cc683f9fae12e4c5ecefb0ace1b4a95bba08e1407c00ce2f9d52664a72c52d9b3e3fed2c4ff12a217c888f06e4dca2b2cd73d751a8",
              "selected": false,
              "tokens": Object {
                "40120": Object {
                  "cGLD": Object {
                    "active": true,
                    "balance": Object {
                      "error": undefined,
                      "inProgress": false,
                      "timestamp": undefined,
                      "value": "0",
                    },
                    "order": 999,
                    "symbol": "cGLD",
                  },
                  "cUSD": Object {
                    "active": true,
                    "balance": Object {
                      "error": undefined,
                      "inProgress": false,
                      "timestamp": undefined,
                      "value": "0",
                    },
                    "order": 999,
                    "symbol": "cUSD",
                  },
                },
                "42220": Object {
                  "cGLD": Object {
                    "active": true,
                    "balance": Object {
                      "error": undefined,
                      "inProgress": false,
                      "timestamp": undefined,
                      "value": "0",
                    },
                    "order": 999,
                    "symbol": "cGLD",
                  },
                  "cUSD": Object {
                    "active": true,
                    "balance": Object {
                      "error": undefined,
                      "inProgress": false,
                      "timestamp": undefined,
                      "value": "0",
                    },
                    "order": 999,
                    "symbol": "cUSD",
                  },
                },
                "44786": Object {
                  "cGLD": Object {
                    "active": true,
                    "balance": Object {
                      "error": undefined,
                      "inProgress": false,
                      "timestamp": undefined,
                      "value": "0",
                    },
                    "order": 999,
                    "symbol": "cGLD",
                  },
                  "cUSD": Object {
                    "active": true,
                    "balance": Object {
                      "error": undefined,
                      "inProgress": false,
                      "timestamp": undefined,
                      "value": "0",
                    },
                    "order": 999,
                    "symbol": "cUSD",
                  },
                },
              },
            },
            Object {
              "address": "0x8e8B49104ECFa51951d997Bf44c2781318cC469B",
              "blockchain": "CELO",
              "index": 3,
              "publicKey": "8a79c53f5fef435d899c5cc6576fb285cb6b2b04cb408537f28ff19956e78563834acae045e2d7a8e327eb867360ae1221a6fc706fb5315d0d3838081f003715",
              "selected": false,
              "tokens": Object {
                "40120": Object {
                  "cGLD": Object {
                    "active": true,
                    "balance": Object {
                      "error": undefined,
                      "inProgress": false,
                      "timestamp": undefined,
                      "value": "0",
                    },
                    "order": 999,
                    "symbol": "cGLD",
                  },
                  "cUSD": Object {
                    "active": true,
                    "balance": Object {
                      "error": undefined,
                      "inProgress": false,
                      "timestamp": undefined,
                      "value": "0",
                    },
                    "order": 999,
                    "symbol": "cUSD",
                  },
                },
                "42220": Object {
                  "cGLD": Object {
                    "active": true,
                    "balance": Object {
                      "error": undefined,
                      "inProgress": false,
                      "timestamp": undefined,
                      "value": "0",
                    },
                    "order": 999,
                    "symbol": "cGLD",
                  },
                  "cUSD": Object {
                    "active": true,
                    "balance": Object {
                      "error": undefined,
                      "inProgress": false,
                      "timestamp": undefined,
                      "value": "0",
                    },
                    "order": 999,
                    "symbol": "cUSD",
                  },
                },
                "44786": Object {
                  "cGLD": Object {
                    "active": true,
                    "balance": Object {
                      "error": undefined,
                      "inProgress": false,
                      "timestamp": undefined,
                      "value": "0",
                    },
                    "order": 999,
                    "symbol": "cGLD",
                  },
                  "cUSD": Object {
                    "active": true,
                    "balance": Object {
                      "error": undefined,
                      "inProgress": false,
                      "timestamp": undefined,
                      "value": "0",
                    },
                    "order": 999,
                    "symbol": "cUSD",
                  },
                },
              },
            },
            Object {
              "address": "0x4d16b795001C99eA7D2427d9CE182bDb98771fB2",
              "blockchain": "CELO",
              "index": 4,
              "publicKey": "000e3003e05e30b6674c82e18c5164c48ee2d01a6388c7aa5bc19530c7688fe606af09404c997311b1dd5ef9c0085d5e7dea4aa86d18edf5001126525a22a8d8",
              "selected": false,
              "tokens": Object {
                "40120": Object {
                  "cGLD": Object {
                    "active": true,
                    "balance": Object {
                      "error": undefined,
                      "inProgress": false,
                      "timestamp": undefined,
                      "value": "0",
                    },
                    "order": 999,
                    "symbol": "cGLD",
                  },
                  "cUSD": Object {
                    "active": true,
                    "balance": Object {
                      "error": undefined,
                      "inProgress": false,
                      "timestamp": undefined,
                      "value": "0",
                    },
                    "order": 999,
                    "symbol": "cUSD",
                  },
                },
                "42220": Object {
                  "cGLD": Object {
                    "active": true,
                    "balance": Object {
                      "error": undefined,
                      "inProgress": false,
                      "timestamp": undefined,
                      "value": "0",
                    },
                    "order": 999,
                    "symbol": "cGLD",
                  },
                  "cUSD": Object {
                    "active": true,
                    "balance": Object {
                      "error": undefined,
                      "inProgress": false,
                      "timestamp": undefined,
                      "value": "0",
                    },
                    "order": 999,
                    "symbol": "cUSD",
                  },
                },
                "44786": Object {
                  "cGLD": Object {
                    "active": true,
                    "balance": Object {
                      "error": undefined,
                      "inProgress": false,
                      "timestamp": undefined,
                      "value": "0",
                    },
                    "order": 999,
                    "symbol": "cGLD",
                  },
                  "cUSD": Object {
                    "active": true,
                    "balance": Object {
                      "error": undefined,
                      "inProgress": false,
                      "timestamp": undefined,
                      "value": "0",
                    },
                    "order": 999,
                    "symbol": "cUSD",
                  },
                },
              },
            },
            Object {
              "address": "cosmos1mrf865hmk3prnkhtpqt8zdwu7kpmpd6l30ws3q",
              "blockchain": "COSMOS",
              "index": 0,
              "publicKey": "02d7144d5afafde20f868a669d74920bac76c7de2750352c2b0ef8162fe8476c1d",
              "selected": false,
              "tokens": Object {
                "cosmoshub-3": Object {
                  "ATOM": Object {
                    "active": true,
                    "balance": Object {
                      "error": undefined,
                      "inProgress": false,
                      "timestamp": undefined,
                      "value": "0",
                    },
                    "order": 0,
                    "symbol": "ATOM",
                  },
                },
                "gaia-13007": Object {
                  "ATOM": Object {
                    "active": true,
                    "balance": Object {
                      "error": undefined,
                      "inProgress": false,
                      "timestamp": undefined,
                      "value": "0",
                    },
                    "order": 0,
                    "symbol": "ATOM",
                  },
                },
              },
            },
            Object {
              "address": "cosmos1fptf3l633k4kplhslqd7fksfke5kz2saxzupl8",
              "blockchain": "COSMOS",
              "index": 1,
              "publicKey": "03c47735b7c423d6ad9c9be4592f2879c6c30a7357186a0d7e71735abf3bbf09f8",
              "selected": false,
              "tokens": Object {
                "cosmoshub-3": Object {
                  "ATOM": Object {
                    "active": true,
                    "balance": Object {
                      "error": undefined,
                      "inProgress": false,
                      "timestamp": undefined,
                      "value": "0",
                    },
                    "order": 0,
                    "symbol": "ATOM",
                  },
                },
                "gaia-13007": Object {
                  "ATOM": Object {
                    "active": true,
                    "balance": Object {
                      "error": undefined,
                      "inProgress": false,
                      "timestamp": undefined,
                      "value": "0",
                    },
                    "order": 0,
                    "symbol": "ATOM",
                  },
                },
              },
            },
            Object {
              "address": "cosmos1t257fk07eevpr0kr8rld8dyp0a2e9hmh9tqaad",
              "blockchain": "COSMOS",
              "index": 2,
              "publicKey": "03b8edd9cbacc9092a51283d8ff629fd7732bd8a3e3a808c7c35628c667896154e",
              "selected": false,
              "tokens": Object {
                "cosmoshub-3": Object {
                  "ATOM": Object {
                    "active": true,
                    "balance": Object {
                      "error": undefined,
                      "inProgress": false,
                      "timestamp": undefined,
                      "value": "0",
                    },
                    "order": 0,
                    "symbol": "ATOM",
                  },
                },
                "gaia-13007": Object {
                  "ATOM": Object {
                    "active": true,
                    "balance": Object {
                      "error": undefined,
                      "inProgress": false,
                      "timestamp": undefined,
                      "value": "0",
                    },
                    "order": 0,
                    "symbol": "ATOM",
                  },
                },
              },
            },
            Object {
              "address": "cosmos14rnhtdvxgccrm54h84t7hk6md0pkk2f7mmlpw3",
              "blockchain": "COSMOS",
              "index": 3,
              "publicKey": "03c059770e2666cee4198ab56328e04db9e0299d2468cd68924b317b91dfe269df",
              "selected": false,
              "tokens": Object {
                "cosmoshub-3": Object {
                  "ATOM": Object {
                    "active": true,
                    "balance": Object {
                      "error": undefined,
                      "inProgress": false,
                      "timestamp": undefined,
                      "value": "0",
                    },
                    "order": 0,
                    "symbol": "ATOM",
                  },
                },
                "gaia-13007": Object {
                  "ATOM": Object {
                    "active": true,
                    "balance": Object {
                      "error": undefined,
                      "inProgress": false,
                      "timestamp": undefined,
                      "value": "0",
                    },
                    "order": 0,
                    "symbol": "ATOM",
                  },
                },
              },
            },
            Object {
              "address": "cosmos158rxkf0wlhjfwutk63zlc68v57hzst2n4z7pe6",
              "blockchain": "COSMOS",
              "index": 4,
              "publicKey": "0245ab42ba4fdfc9d5102b94a84ad78c1480f0d1fb0561d41809c1890d48ebbda5",
              "selected": false,
              "tokens": Object {
                "cosmoshub-3": Object {
                  "ATOM": Object {
                    "active": true,
                    "balance": Object {
                      "error": undefined,
                      "inProgress": false,
                      "timestamp": undefined,
                      "value": "0",
                    },
                    "order": 0,
                    "symbol": "ATOM",
                  },
                },
                "gaia-13007": Object {
                  "ATOM": Object {
                    "active": true,
                    "balance": Object {
                      "error": undefined,
                      "inProgress": false,
                      "timestamp": undefined,
                      "value": "0",
                    },
                    "order": 0,
                    "symbol": "ATOM",
                  },
                },
              },
            },
          ],
          "id": "uuid",
          "name": "Wallet 1",
          "selected": false,
          "selectedBlockchain": "ZILLIQA",
          "type": "HD",
        },
        "type": "WALLET_ADD",
      },
    ],
    Array [
      Object {
        "data": "uuid",
        "type": "SELECT_WALLET",
      },
    ],
    Array [
      Object {
        "type": "CLOSE_LOADING_MODAL",
      },
    ],
    Array [
      Object {
        "data": undefined,
        "type": "DISPLAY_MESSAGE",
      },
    ],
  ],
  "results": Array [
    Object {
      "type": "return",
      "value": undefined,
    },
    Object {
      "type": "return",
      "value": undefined,
    },
    Object {
      "type": "return",
      "value": undefined,
    },
    Object {
      "type": "return",
      "value": undefined,
    },
    Object {
      "type": "return",
      "value": undefined,
    },
  ],
}
`;
