// Jest Snapshot v1, https://goo.gl/fbAQLP

exports[`wallets reducer should set initial state 1`] = `
Array [
  Object {
    "accounts": Array [
      Object {
        "address": "zil1vs74hw5k21233h432kj321l3k21b",
        "balance": 12332,
        "blockchain": "ZILLIQA",
        "index": 1,
        "publicKey": "1",
      },
      Object {
        "address": "zil1vs74hw5k21233h432kj321l3k21b",
        "balance": 3432,
        "blockchain": "ZILLIQA",
        "index": 2,
        "publicKey": "1",
      },
      Object {
        "address": "zil1vs74hw5k21233h432kj321l3k21b",
        "balance": 435,
        "blockchain": "ZILLIQA",
        "index": 3,
        "publicKey": "1",
      },
      Object {
        "address": "zil1vs74hw5k21233h432kj321l3k21b",
        "balance": 1323,
        "blockchain": "ZILLIQA",
        "index": 4,
        "publicKey": "1",
      },
      Object {
        "address": "zil1vs74hw5k21233h432kj321l3k21b",
        "balance": 3255,
        "blockchain": "ZILLIQA",
        "index": 5,
        "publicKey": "1",
      },
      Object {
        "address": "zil1vs74hw5k21233h432kj321l3k21b",
        "balance": 12345,
        "blockchain": "ZILLIQA",
        "index": 6,
        "publicKey": "1",
      },
      Object {
        "address": "zil1vs74hw5k21233h432kj321l3k21b",
        "balance": 12332,
        "blockchain": "ZILLIQA",
        "index": 7,
        "publicKey": "1",
      },
      Object {
        "address": "0xeAE3Dcc2E37AD412312ASds2d4a6065A831eF89E",
        "balance": 3.5,
        "blockchain": "ETHEREUM",
        "index": 8,
        "publicKey": "1",
      },
      Object {
        "address": "cosmos123ksdadasda",
        "balance": 220,
        "blockchain": "COSMOS",
        "index": 9,
        "publicKey": "1",
      },
      Object {
        "address": "STLsadlij23lj313",
        "balance": 1234,
        "blockchain": "STELLAR",
        "index": 8,
        "publicKey": "1",
      },
    ],
    "id": "walletId",
    "type": "HD",
  },
]
`;
