// Jest Snapshot v1, https://goo.gl/fbAQLP

exports[`Wallet screen renders correctly 1`] = `
"<View style={{...}}>
  <withTheme(TabSelectComponent) options={{...}} onSelectionChange={[Function: onSelectionChange]} selected=\\"HD\\" />
  <ScrollViewMock style={{...}}>
    <Swipeable renderLeftActions={[Function: renderLeftActions]} onSwipeableWillOpen={[Function: onSwipeableWillOpen]} friction={1} overshootFriction={1} useNativeAnimations={true}>
      <withTheme(ListCardComponent) onPress={[Function: onPress]} leftIcon=\\"saturn-icon\\" label=\\"some\\" rightIcon={false} selected={false} />
    </Swipeable>
  </ScrollViewMock>
  <View style={{...}}>
    <View style={{...}}>
      <withTheme(ButtonComponent) style={{...}} onPress={[Function: onPress]}>
        Create
      </withTheme(ButtonComponent)>
      <withTheme(ButtonComponent) style={{...}} onPress={[Function: onPress]}>
        Recover
      </withTheme(ButtonComponent)>
    </View>
  </View>
  <withTheme(PasswordModalComponent) subtitle=\\"Your PIN is required to delete wallet\\" obRef={[Function: obRef]} />
</View>"
`;
