// Jest Snapshot v1, https://goo.gl/fbAQLP

exports[`Wallet screen renders correctly 1`] = `
"<View testID=\\"wallets-screen\\" style={{...}}>
  <withTheme(TabSelectComponent) options={{...}} onSelectionChange={[Function: onSelectionChange]} selected=\\"HD\\" />
  <withTheme(AffiliateBannerComponent) type={{...}} style={{...}} />
  <View style={{...}}>
    <ScrollViewMock contentContainerStyle={{...}} showsVerticalScrollIndicator={false}>
      <Swipeable renderLeftActions={[Function: renderLeftActions]} onSwipeableWillOpen={[Function: onSwipeableWillOpen]} friction={1} overshootFriction={1} useNativeAnimations={true}>
        <withTheme(ListCardComponent) onPress={[Function: onPress]} leftIcon=\\"saturn-icon\\" label=\\"some\\" rightIcon=\\"check\\" selected={true} />
      </Swipeable>
    </ScrollViewMock>
  </View>
  <View style={{...}}>
    <withTheme(ButtonComponent) testID=\\"create-button\\" style={{...}} wrapperStyle={{...}} onPress={[Function: onPress]}>
      Create
    </withTheme(ButtonComponent)>
    <withTheme(ButtonComponent) testID=\\"recover-button\\" style={{...}} wrapperStyle={{...}} onPress={[Function: onPress]}>
      Recover
    </withTheme(ButtonComponent)>
  </View>
</View>"
`;
