// Jest Snapshot v1, https://goo.gl/fbAQLP

exports[`Zilliqa account getAccountFromPrivateKey() 1`] = `
Object {
  "address": "BECH32_ADDRESS",
  "blockchain": "ZILLIQA",
  "index": 1,
  "publicKey": "PUBLIC_KEY",
  "selected": false,
  "tokens": Object {
    "1": Object {
      "BARTER": Object {
        "active": false,
        "balance": Object {
          "available": "0",
          "detailed": Object {},
          "error": undefined,
          "inProgress": false,
          "timestamp": undefined,
          "total": "0",
          "value": "0",
        },
        "order": 999,
        "symbol": "BARTER",
      },
      "BOLT": Object {
        "active": false,
        "balance": Object {
          "available": "0",
          "detailed": Object {},
          "error": undefined,
          "inProgress": false,
          "timestamp": undefined,
          "total": "0",
          "value": "0",
        },
        "order": 999,
        "symbol": "BOLT",
      },
      "CARB": Object {
        "active": false,
        "balance": Object {
          "available": "0",
          "detailed": Object {},
          "error": undefined,
          "inProgress": false,
          "timestamp": undefined,
          "total": "0",
          "value": "0",
        },
        "order": 999,
        "symbol": "CARB",
      },
      "KKZ": Object {
        "active": false,
        "balance": Object {
          "available": "0",
          "detailed": Object {},
          "error": undefined,
          "inProgress": false,
          "timestamp": undefined,
          "total": "0",
          "value": "0",
        },
        "order": 999,
        "symbol": "KKZ",
      },
      "PORT": Object {
        "active": true,
        "balance": Object {
          "available": "0",
          "detailed": Object {},
          "error": undefined,
          "inProgress": false,
          "timestamp": undefined,
          "total": "0",
          "value": "0",
        },
        "order": 999,
        "symbol": "PORT",
      },
      "REDC": Object {
        "active": false,
        "balance": Object {
          "available": "0",
          "detailed": Object {},
          "error": undefined,
          "inProgress": false,
          "timestamp": undefined,
          "total": "0",
          "value": "0",
        },
        "order": 999,
        "symbol": "REDC",
      },
      "SERGS": Object {
        "active": false,
        "balance": Object {
          "available": "0",
          "detailed": Object {},
          "error": undefined,
          "inProgress": false,
          "timestamp": undefined,
          "total": "0",
          "value": "0",
        },
        "order": 999,
        "symbol": "SERGS",
      },
      "SHRK": Object {
        "active": false,
        "balance": Object {
          "available": "0",
          "detailed": Object {},
          "error": undefined,
          "inProgress": false,
          "timestamp": undefined,
          "total": "0",
          "value": "0",
        },
        "order": 999,
        "symbol": "SHRK",
      },
      "XSGD": Object {
        "active": true,
        "balance": Object {
          "available": "0",
          "detailed": Object {},
          "error": undefined,
          "inProgress": false,
          "timestamp": undefined,
          "total": "0",
          "value": "0",
        },
        "order": 999,
        "symbol": "XSGD",
      },
      "ZCH": Object {
        "active": false,
        "balance": Object {
          "available": "0",
          "detailed": Object {},
          "error": undefined,
          "inProgress": false,
          "timestamp": undefined,
          "total": "0",
          "value": "0",
        },
        "order": 999,
        "symbol": "ZCH",
      },
      "ZIL": Object {
        "active": true,
        "balance": Object {
          "available": "0",
          "detailed": Object {},
          "error": undefined,
          "inProgress": false,
          "timestamp": undefined,
          "total": "0",
          "value": "0",
        },
        "order": 0,
        "symbol": "ZIL",
      },
      "ZLF": Object {
        "active": false,
        "balance": Object {
          "available": "0",
          "detailed": Object {},
          "error": undefined,
          "inProgress": false,
          "timestamp": undefined,
          "total": "0",
          "value": "0",
        },
        "order": 999,
        "symbol": "ZLF",
      },
      "ZLP": Object {
        "active": false,
        "balance": Object {
          "available": "0",
          "detailed": Object {},
          "error": undefined,
          "inProgress": false,
          "timestamp": undefined,
          "total": "0",
          "value": "0",
        },
        "order": 999,
        "symbol": "ZLP",
      },
      "ZWAP": Object {
        "active": true,
        "balance": Object {
          "available": "0",
          "detailed": Object {},
          "error": undefined,
          "inProgress": false,
          "timestamp": undefined,
          "total": "0",
          "value": "0",
        },
        "order": 999,
        "symbol": "ZWAP",
      },
      "ZYF": Object {
        "active": false,
        "balance": Object {
          "available": "0",
          "detailed": Object {},
          "error": undefined,
          "inProgress": false,
          "timestamp": undefined,
          "total": "0",
          "value": "0",
        },
        "order": 999,
        "symbol": "ZYF",
      },
      "ZYRO": Object {
        "active": false,
        "balance": Object {
          "available": "0",
          "detailed": Object {},
          "error": undefined,
          "inProgress": false,
          "timestamp": undefined,
          "total": "0",
          "value": "0",
        },
        "order": 999,
        "symbol": "ZYRO",
      },
      "gZIL": Object {
        "active": true,
        "balance": Object {
          "available": "0",
          "detailed": Object {},
          "error": undefined,
          "inProgress": false,
          "timestamp": undefined,
          "total": "0",
          "value": "0",
        },
        "order": 999,
        "symbol": "gZIL",
      },
    },
    "333": Object {
      "ZIL": Object {
        "active": true,
        "balance": Object {
          "available": "0",
          "detailed": Object {},
          "error": undefined,
          "inProgress": false,
          "timestamp": undefined,
          "total": "0",
          "value": "0",
        },
        "order": 0,
        "symbol": "ZIL",
      },
      "gZIL": Object {
        "active": true,
        "balance": Object {
          "available": "0",
          "detailed": Object {},
          "error": undefined,
          "inProgress": false,
          "timestamp": undefined,
          "total": "0",
          "value": "0",
        },
        "order": 999,
        "symbol": "gZIL",
      },
    },
  },
  "type": "DEFAULT",
}
`;
