// Jest Snapshot v1, https://goo.gl/fbAQLP

exports[`Zilliqa account getAccountFromPrivateKey() 1`] = `
Object {
  "address": "BECH32_ADDRESS",
  "blockchain": "ZILLIQA",
  "index": 1,
  "publicKey": "PUBLIC_KEY",
  "tokens": Object {
    "ZIL": Object {
      "decimals": 12,
      "name": "Zilliqa",
      "order": 0,
      "symbol": "ZIL",
      "type": "NATIVE",
      "uiDecimals": 3,
      "units": Object {
        "LI": "1000000",
        "QA": "1",
        "ZIL": "1000000000000",
      },
    },
  },
}
`;
