// Jest Snapshot v1, https://goo.gl/fbAQLP

exports[`creat wallet terms screen component renders correctly 1`] = `
"<View style={{...}}>
  <View style={{...}}>
    <withTheme(TextComponent) style={{...}}>
      Make sure you review our Privacy policy and Terms &amp; conditions
    </withTheme(TextComponent)>
    <View style={{...}}>
      <Image resizeMode=\\"contain\\" source={{...}} />
    </View>
  </View>
  <View style={{...}}>
    <TouchableOpacity testID=\\"button-tos\\" style={{...}} onPress={[Function: onPress]} activeOpacity={0.2}>
      <withTheme(TextComponent) style={{...}}>
        Terms &amp; conditions
      </withTheme(TextComponent)>
      <Icon name=\\"chevron-right\\" size={16} style={{...}} allowFontScaling={false} />
    </TouchableOpacity>
    <View style={{...}} />
    <TouchableOpacity testID=\\"button-privacy-policy\\" style={{...}} onPress={[Function: onPress]} activeOpacity={0.2}>
      <withTheme(TextComponent) style={{...}}>
        Privacy policy
      </withTheme(TextComponent)>
      <Icon name=\\"chevron-right\\" size={16} style={{...}} allowFontScaling={false} />
    </TouchableOpacity>
    <View style={{...}} />
    <withTheme(ButtonComponent) testID=\\"button-accept\\" style={{...}} primary={true} onPress={[Function: onPress]}>
      Accept
    </withTheme(ButtonComponent)>
  </View>
</View>"
`;

exports[`creat wallet terms screen component sets correct navigation options 1`] = `
Object {
  "headerLeft": null,
  "title": "Legal",
}
`;
