// Jest Snapshot v1, https://goo.gl/fbAQLP

exports[`account card component renders correctly 1`] = `
"<TouchableOpacity testID=\\"account-card\\" style={{...}} onPress={[Function: onPress]} activeOpacity={0.2}>
  <View style={{...}}>
    <Icon name=\\"money-wallet-1\\" size={24} style={{...}} allowFontScaling={false} />
  </View>
  <View style={{...}}>
    <View style={{...}}>
      <Connect(AmountComponent) style={{...}} amount={{...}} blockchain=\\"ZILLIQA\\" />
      <Connect(AmountComponent) style={{...}} amount={{...}} blockchain=\\"ZILLIQA\\" convert={true} />
    </View>
    <withTheme(TextComponent) style={{...}}>
      zil1v...3k21b
       
    </withTheme(TextComponent)>
  </View>
  <View style={{...}}>
    <Icon name=\\"arrow-right-1\\" size={18} style={{...}} allowFontScaling={false} />
  </View>
</TouchableOpacity>"
`;
