// Jest Snapshot v1, https://goo.gl/fbAQLP

exports[`Ethereum account getAccountFromPrivateKey() 1`] = `
Object {
  "address": "ADDRESS",
  "blockchain": "ETHEREUM",
  "index": 1,
  "publicKey": "PUBLIC_KEY",
  "selected": false,
  "tokens": Object {
    "1": Object {
      "ETH": Object {
        "active": true,
        "balance": Object {
          "error": undefined,
          "inProgress": false,
          "timestamp": undefined,
          "value": "0",
        },
        "order": 0,
        "symbol": "ETH",
      },
    },
    "15": Object {
      "ETH": Object {
        "active": true,
        "balance": Object {
          "error": undefined,
          "inProgress": false,
          "timestamp": undefined,
          "value": "0",
        },
        "order": 0,
        "symbol": "ETH",
      },
    },
    "3": Object {
      "ETH": Object {
        "active": true,
        "balance": Object {
          "error": undefined,
          "inProgress": false,
          "timestamp": undefined,
          "value": "0",
        },
        "order": 0,
        "symbol": "ETH",
      },
    },
    "4": Object {
      "ETH": Object {
        "active": true,
        "balance": Object {
          "error": undefined,
          "inProgress": false,
          "timestamp": undefined,
          "value": "0",
        },
        "order": 0,
        "symbol": "ETH",
      },
    },
    "42": Object {
      "ETH": Object {
        "active": true,
        "balance": Object {
          "error": undefined,
          "inProgress": false,
          "timestamp": undefined,
          "value": "0",
        },
        "order": 0,
        "symbol": "ETH",
      },
    },
  },
}
`;
