// Jest Snapshot v1, https://goo.gl/fbAQLP

exports[`header go back button renders correctly 1`] = `
"<TouchableOpacity onPress={[Function: mockConstructor]} style={{...}} activeOpacity={0.2}>
  <withTheme(TextComponent)>
    text
  </withTheme(TextComponent)>
  <Icon name=\\"cog\\" size={20} style={{...}} allowFontScaling={false} />
</TouchableOpacity>"
`;
