// Jest Snapshot v1, https://goo.gl/fbAQLP

exports[`header go back button renders correctly 1`] = `
"<TouchableOpacity onPress={[Function: mockConstructor]} style={{...}} activeOpacity={0.2}>
  <withTheme(TextComponent) style={{...}}>
    text
  </withTheme(TextComponent)>
  <View style={{...}}>
    <Icon name=\\"cog\\" size={44} style={{...}} allowFontScaling={false} />
  </View>
</TouchableOpacity>"
`;
