// Jest Snapshot v1, https://goo.gl/fbAQLP

exports[`creat wallet terms screen component renders correctly 1`] = `
"<View style={{...}}>
  <View style={{...}}>
    <Image style={{...}} source={{...}} />
    <View style={{...}}>
      <withTheme(TextComponent) style={{...}}>
        Welcome to Moonlet!
      </withTheme(TextComponent)>
      <withTheme(TextComponent) style={{...}}>
        A blockchain agnostic, cross-platform, non custodial cryptocurrency wallet
      </withTheme(TextComponent)>
    </View>
  </View>
  <View style={{...}}>
    <View style={{...}}>
      <withTheme(ButtonComponent) style={{...}} wrapperStyle={{...}} onPress={[Function: onPress]} testID=\\"button-recover\\">
        Recover
      </withTheme(ButtonComponent)>
      <withTheme(ButtonComponent) style={{...}} wrapperStyle={{...}} onPress={[Function: onPress]}>
        Connect
      </withTheme(ButtonComponent)>
    </View>
    <withTheme(ButtonComponent) testID=\\"button-create\\" style={{...}} primary={true} onPress={[Function: onPress]}>
      Create
    </withTheme(ButtonComponent)>
    <withTheme(ButtonComponent) testID=\\"button-generate\\" style={{...}} primary={true} onPress={[Function: onPress]}>
      Generate wallet
    </withTheme(ButtonComponent)>
  </View>
</View>"
`;
