// Jest Snapshot v1, https://goo.gl/fbAQLP

exports[`NavigationUtils DummyScreen renders corectly 1`] = `
"<View style={{...}}>
  <Text style={{...}}>
    some screen
  </Text>
</View>"
`;

exports[`NavigationUtils menuIcon renders corectly: focused 1`] = `"<Icon name=\\"accounting-coins-stack\\" size={25} style={{...}} allowFontScaling={false} />"`;

exports[`NavigationUtils menuIcon renders corectly: unfocused 1`] = `"<Icon name=\\"accounting-coins-stack\\" size={25} style={{...}} allowFontScaling={false} />"`;
