// Jest Snapshot v1, https://goo.gl/fbAQLP

exports[`coin balance component renders correctly 1`] = `
"<TouchableOpacity onPress={[Function: onPress]} style={{...}} activeOpacity={0.2}>
  <View style={{...}}>
    <withTheme(TextComponent) style={{...}}>
      Account 2
    </withTheme(TextComponent)>
    <withTheme(TextComponent) style={{...}}>
      zil1v...3k21b
    </withTheme(TextComponent)>
  </View>
  <View style={{...}}>
    <Connect(AmountComponent) style={{...}} amount=\\"100\\" token=\\"ZIL\\" tokenDecimals={12} blockchain=\\"ZILLIQA\\" />
    <Icon name=\\"chevron-down\\" size={18} style={{...}} allowFontScaling={false} />
  </View>
  <Connect(AmountComponent) style={{...}} amount=\\"100\\" token=\\"ZIL\\" tokenDecimals={12} blockchain=\\"ZILLIQA\\" convert={true} />
</TouchableOpacity>"
`;
