// Jest Snapshot v1, https://goo.gl/fbAQLP

exports[`app actions app action creators 1`] = `
Object {
  "data": "1",
  "type": "APP_STATE_SWITCH_WALLET",
}
`;

exports[`app actions app action creators 2`] = `
Object {
  "data": 1,
  "type": "APP_SET_TOS_VERSION",
}
`;

exports[`app actions app action creators 3`] = `
Object {
  "data": Object {
    "blockchain": "ETHEREUM",
    "index": 0,
  },
  "type": "APP_SWITCH_ACCOUNT",
}
`;
