// Jest Snapshot v1, https://goo.gl/fbAQLP

exports[`app reducer should set initial state 1`] = `
Object {
  "blockchains": Object {
    "ETHEREUM": Object {
      "active": true,
      "order": 0,
    },
    "ZILLIQA": Object {
      "active": true,
      "order": 1,
    },
  },
  "bottomSheet": undefined,
  "currentWalletId": "",
  "devMode": true,
  "networks": Object {
    "ETHEREUM": Object {
      "mainNet": 1,
      "testNet": 4,
    },
    "ZILLIQA": Object {
      "mainNet": 1,
      "testNet": 333,
    },
  },
  "testNet": true,
  "tosVersion": 0,
}
`;
