// Jest Snapshot v1, https://goo.gl/fbAQLP

exports[`AccountScreen renders correctly 1`] = `
"<View style={{...}}>
  <withTheme(TextComponent)>
    Account screen
  </withTheme(TextComponent)>
</View>"
`;

exports[`AccountScreen renders correctly 2`] = `"<Connect(AccountScreenComponent) styles={{...}} theme={{...}} />"`;
