// Jest Snapshot v1, https://goo.gl/fbAQLP

exports[`AccountScreen renders correctly 1`] = `
"<ScrollViewMock style={{...}}>
  <withTheme(TextComponent) style={{...}}>
    zil1f6...1234f3
  </withTheme(TextComponent)>
  <View style={{...}}>
    <CurrencyFormat symbol=\\"ZIL\\" decimals=\\"2\\" style={{...}}>
      10900
    </CurrencyFormat>
    <withTheme(TextComponent) style={{...}}>
       ZIL
    </withTheme(TextComponent)>
    <withTheme(TextComponent) style={{...}}>
      $ 
    </withTheme(TextComponent)>
    <CurrencyFormat symbol=\\"ZIL\\" decimals=\\"2\\" style={{...}}>
      88.18
    </CurrencyFormat>
  </View>
  <View style={{...}}>
    <withTheme(ButtonComponent) style={{...}}>
      Send
    </withTheme(ButtonComponent)>
    <withTheme(ButtonComponent) style={{...}}>
      Receive
    </withTheme(ButtonComponent)>
  </View>
  <View style={{...}}>
    <withTheme(TranslateComponent) text=\\"App.labels.transactions\\" style={{...}} />
    <View>
      <TouchableOpacity style={{...}} activeOpacity={0.2}>
        <Icon name=\\"money-wallet-1\\" size={24} style={{...}} allowFontScaling={false} />
        <View style={{...}}>
          <withTheme(TextComponent) style={{...}}>
            100 ZIL to Account1
          </withTheme(TextComponent)>
          <withTheme(TextComponent) style={{...}}>
            26/06/2019, 23:22:55
          </withTheme(TextComponent)>
        </View>
        <Icon name=\\"arrow-right-1\\" size={16} style={{...}} allowFontScaling={false} />
      </TouchableOpacity>
      <TouchableOpacity style={{...}} activeOpacity={0.2}>
        <Icon name=\\"money-wallet-1\\" size={24} style={{...}} allowFontScaling={false} />
        <View style={{...}}>
          <withTheme(TextComponent) style={{...}}>
            100 ZIL to Account1
          </withTheme(TextComponent)>
          <withTheme(TextComponent) style={{...}}>
            26/06/2019, 23:22:55
          </withTheme(TextComponent)>
        </View>
        <Icon name=\\"arrow-right-1\\" size={16} style={{...}} allowFontScaling={false} />
      </TouchableOpacity>
      <TouchableOpacity style={{...}} activeOpacity={0.2}>
        <Icon name=\\"money-wallet-1\\" size={24} style={{...}} allowFontScaling={false} />
        <View style={{...}}>
          <withTheme(TextComponent) style={{...}}>
            100 ZIL to Account1
          </withTheme(TextComponent)>
          <withTheme(TextComponent) style={{...}}>
            26/06/2019, 23:22:55
          </withTheme(TextComponent)>
        </View>
        <Icon name=\\"arrow-right-1\\" size={16} style={{...}} allowFontScaling={false} />
      </TouchableOpacity>
    </View>
  </View>
</ScrollViewMock>"
`;

exports[`AccountScreen renders correctly 2`] = `"<Connect(AccountScreenComponent) styles={{...}} theme={{...}} />"`;
