// Jest Snapshot v1, https://goo.gl/fbAQLP

exports[`Wallet screen renders correctly 1`] = `
"<View style={{...}}>
  <ScrollViewMock contentContainerStyle={{...}}>
    <withTheme(TextComponent) style={{...}}>
      SECURITY
    </withTheme(TextComponent)>
    <View style={{...}}>
      <withTheme(TextComponent) style={{...}}>
        Pin Login
      </withTheme(TextComponent)>
      <Switch testID=\\"pin-login\\" onValueChange={[Function: onValueChange]} value={true} trackColor={{...}} thumbColor=\\"#00DAFF\\" />
    </View>
    <View style={{...}} />
    <View style={{...}}>
      <withTheme(TextComponent) style={{...}}>
        TouchID
      </withTheme(TextComponent)>
      <Switch testID=\\"touch-id\\" onValueChange={[Function]} value={true} trackColor={{...}} thumbColor=\\"#00DAFF\\" />
    </View>
    <View style={{...}} />
    <TouchableOpacity style={{...}} onPress={[Function: onPress]} activeOpacity={0.2}>
      <withTheme(TextComponent) style={{...}}>
        Manage wallet
      </withTheme(TextComponent)>
      <View style={{...}}>
        <Icon name=\\"arrow-right-1\\" size={12} style={{...}} allowFontScaling={false} />
      </View>
    </TouchableOpacity>
    <View style={{...}} />
    <TouchableOpacity testID=\\"backup-wallet\\" style={{...}} onPress={[Function]} activeOpacity={0.2}>
      <withTheme(TextComponent) style={{...}}>
        Backup wallet
      </withTheme(TextComponent)>
      <View style={{...}}>
        <Icon name=\\"arrow-right-1\\" size={12} style={{...}} allowFontScaling={false} />
      </View>
    </TouchableOpacity>
    <View style={{...}} />
    <withTheme(TextComponent) style={{...}}>
      SETUP
    </withTheme(TextComponent)>
    <TouchableOpacity style={{...}} onPress={[Function: onPress]} activeOpacity={0.2}>
      <withTheme(TextComponent) style={{...}}>
        Default currency
      </withTheme(TextComponent)>
      <View style={{...}}>
        <withTheme(TextComponent) style={{...}} />
        <Icon name=\\"arrow-right-1\\" size={12} style={{...}} allowFontScaling={false} />
      </View>
    </TouchableOpacity>
    <View style={{...}} />
    <TouchableOpacity testID=\\"blockchain-portfolio\\" style={{...}} onPress={[Function]} activeOpacity={0.2}>
      <withTheme(TextComponent) style={{...}}>
        Blockchain portfolio
      </withTheme(TextComponent)>
      <View style={{...}}>
        <withTheme(TextComponent) style={{...}} />
        <Icon name=\\"arrow-right-1\\" size={12} style={{...}} allowFontScaling={false} />
      </View>
    </TouchableOpacity>
    <View style={{...}} />
    <withTheme(TextComponent) style={{...}}>
      SUPPORT
    </withTheme(TextComponent)>
    <TouchableOpacity testID=\\"report-issue\\" style={{...}} onPress={[Function]} activeOpacity={0.2}>
      <withTheme(TextComponent) style={{...}}>
        Report issue
      </withTheme(TextComponent)>
      <View style={{...}}>
        <Icon name=\\"arrow-right-1\\" size={12} style={{...}} allowFontScaling={false} />
      </View>
    </TouchableOpacity>
    <View style={{...}} />
    <withTheme(TextComponent) style={{...}}>
      TOOLS
    </withTheme(TextComponent)>
    <TouchableOpacity style={{...}} onPress={[Function: onPress]} activeOpacity={0.2}>
      <withTheme(TextComponent) style={{...}}>
        Network options
      </withTheme(TextComponent)>
      <View style={{...}}>
        <Icon name=\\"arrow-right-1\\" size={12} style={{...}} allowFontScaling={false} />
      </View>
    </TouchableOpacity>
    <View style={{...}} />
    <withTheme(TextComponent) style={{...}}>
      ABOUT
    </withTheme(TextComponent)>
    <TouchableOpacity style={{...}} onPress={[Function: onPress]} activeOpacity={0.2}>
      <withTheme(TextComponent) style={{...}}>
        Terms &amp; conditions
      </withTheme(TextComponent)>
      <View style={{...}}>
        <Icon name=\\"arrow-right-1\\" size={12} style={{...}} allowFontScaling={false} />
      </View>
    </TouchableOpacity>
    <View style={{...}} />
    <TouchableOpacity style={{...}} onPress={[Function: onPress]} activeOpacity={0.2}>
      <withTheme(TextComponent) style={{...}}>
        Privacy policy
      </withTheme(TextComponent)>
      <View style={{...}}>
        <Icon name=\\"arrow-right-1\\" size={12} style={{...}} allowFontScaling={false} />
      </View>
    </TouchableOpacity>
    <View style={{...}} />
    <View style={{...}}>
      <withTheme(TextComponent) style={{...}}>
        Application version
      </withTheme(TextComponent)>
      <View style={{...}}>
        <withTheme(TextComponent) style={{...}} />
      </View>
    </View>
    <View style={{...}} />
    <withTheme(ButtonComponent) testID=\\"sign-out\\" style={{...}} onPress={[Function]}>
      Sign out
    </withTheme(ButtonComponent)>
  </ScrollViewMock>
</View>"
`;
