// Jest Snapshot v1, https://goo.gl/fbAQLP

exports[`settings screen component renders correctly 1`] = `
"<ScrollViewMock style={{...}}>
  <View>
    <View>
      <withTheme(TextComponent) style={{...}}>
        SECURITY
      </withTheme(TextComponent)>
    </View>
    <View style={{...}}>
      <withTheme(TextComponent) style={{...}}>
        Pin Login
      </withTheme(TextComponent)>
      <View style={{...}}>
        <Switch testID=\\"pin-login\\" onValueChange={[Function]} value={true} />
      </View>
    </View>
    <View style={{...}} />
    <View style={{...}}>
      <withTheme(TextComponent) style={{...}}>
        TouchID
      </withTheme(TextComponent)>
      <View style={{...}}>
        <Switch testID=\\"touch-id\\" onValueChange={[Function]} value={true} />
      </View>
    </View>
    <View style={{...}} />
    <TouchableOpacity testID=\\"secret-phrase\\" style={{...}} onPress={[Function]} activeOpacity={0.2}>
      <withTheme(TextComponent) style={{...}}>
        Reveal secret phrase
      </withTheme(TextComponent)>
      <View style={{...}}>
        <Icon name=\\"arrow-right-1\\" size={16} style={{...}} allowFontScaling={false} />
      </View>
    </TouchableOpacity>
    <View style={{...}} />
    <TouchableOpacity testID=\\"backup-wallet\\" style={{...}} onPress={[Function]} activeOpacity={0.2}>
      <withTheme(TextComponent) style={{...}}>
        Backup your wallet
      </withTheme(TextComponent)>
      <View style={{...}}>
        <Icon name=\\"arrow-right-1\\" size={16} style={{...}} allowFontScaling={false} />
      </View>
    </TouchableOpacity>
    <View style={{...}} />
    <View style={{...}}>
      <withTheme(TextComponent) style={{...}}>
        SETUP
      </withTheme(TextComponent)>
    </View>
    <TouchableOpacity testID=\\"manage-wallet\\" style={{...}} onPress={[Function]} activeOpacity={0.2}>
      <withTheme(TextComponent) style={{...}}>
        Manage your wallet
      </withTheme(TextComponent)>
      <View style={{...}}>
        <Icon name=\\"arrow-right-1\\" size={16} style={{...}} allowFontScaling={false} />
      </View>
    </TouchableOpacity>
    <View style={{...}} />
    <TouchableOpacity testID=\\"default-currency\\" style={{...}} onPress={[Function]} activeOpacity={0.2}>
      <withTheme(TextComponent) style={{...}}>
        Default currency
      </withTheme(TextComponent)>
      <View style={{...}}>
        <withTheme(TextComponent) style={{...}} />
        <Icon name=\\"arrow-right-1\\" size={16} style={{...}} allowFontScaling={false} />
      </View>
    </TouchableOpacity>
    <View style={{...}} />
    <TouchableOpacity testID=\\"default-network\\" style={{...}} onPress={[Function]} activeOpacity={0.2}>
      <withTheme(TextComponent) style={{...}}>
        Default network
      </withTheme(TextComponent)>
      <View style={{...}}>
        <withTheme(TextComponent) style={{...}} />
        <Icon name=\\"arrow-right-1\\" size={16} style={{...}} allowFontScaling={false} />
      </View>
    </TouchableOpacity>
    <View style={{...}} />
    <View style={{...}}>
      <withTheme(TextComponent) style={{...}}>
        SUPPORT
      </withTheme(TextComponent)>
    </View>
    <TouchableOpacity testID=\\"report-issue\\" style={{...}} onPress={[Function]} activeOpacity={0.2}>
      <withTheme(TextComponent) style={{...}}>
        Report issue
      </withTheme(TextComponent)>
      <View style={{...}}>
        <Icon name=\\"arrow-right-1\\" size={16} style={{...}} allowFontScaling={false} />
      </View>
    </TouchableOpacity>
    <View style={{...}} />
    <View style={{...}}>
      <withTheme(TextComponent) style={{...}}>
        TOOLS
      </withTheme(TextComponent)>
    </View>
    <TouchableOpacity testID=\\"developer-options\\" style={{...}} onPress={[Function]} activeOpacity={0.2}>
      <withTheme(TextComponent) style={{...}}>
        Developer options
      </withTheme(TextComponent)>
      <View style={{...}}>
        <Icon name=\\"arrow-right-1\\" size={16} style={{...}} allowFontScaling={false} />
      </View>
    </TouchableOpacity>
    <View style={{...}} />
    <View style={{...}}>
      <withTheme(TextComponent) style={{...}}>
        ABOUT
      </withTheme(TextComponent)>
    </View>
    <TouchableOpacity testID=\\"terms-conditions\\" style={{...}} onPress={[Function]} activeOpacity={0.2}>
      <withTheme(TextComponent) style={{...}}>
        Terms &amp; conditions
      </withTheme(TextComponent)>
      <View style={{...}}>
        <Icon name=\\"arrow-right-1\\" size={16} style={{...}} allowFontScaling={false} />
      </View>
    </TouchableOpacity>
    <View style={{...}} />
    <View style={{...}}>
      <withTheme(TextComponent) style={{...}}>
        Application version
      </withTheme(TextComponent)>
      <View style={{...}}>
        <withTheme(TextComponent) style={{...}} />
      </View>
    </View>
  </View>
</ScrollViewMock>"
`;
