// Jest Snapshot v1, https://goo.gl/fbAQLP

exports[`set password confirm screen component renders correctly 1`] = `
"<View style={{...}}>
  <View style={{...}}>
    <withTheme(TextComponent) darker={true} style={{...}}>
      You need to setup a password to secure your wallet.
    </withTheme(TextComponent)>
    <View style={{...}}>
      <Image source={{...}} />
    </View>
  </View>
  <View style={{...}}>
    <View style={{...}}>
      <withTheme(CheckboxComponent) onPress={[Function: onPress]} checked={false} text=\\"Do not lose this password. Moonlet will not be able to reset it for you.\\" />
    </View>
    <withTheme(ButtonComponent) testID=\\"button-understand\\" style={{...}} primary={true} disabled={true} onPress={[Function: onPress]}>
      I understand
    </withTheme(ButtonComponent)>
  </View>
</View>"
`;
