// Jest Snapshot v1, https://goo.gl/fbAQLP

exports[`creat wallet terms screen component renders correctly 1`] = `
"<View style={{...}}>
  <View style={{...}}>
    <View style={{...}}>
      <View style={{...}}>
        <withTheme(TextComponent) style={{...}}>
          1. 1
        </withTheme(TextComponent)>
        <withTheme(TextComponent) style={{...}}>
          2. 2
        </withTheme(TextComponent)>
        <withTheme(TextComponent) style={{...}}>
          3. 3
        </withTheme(TextComponent)>
        <withTheme(TextComponent) style={{...}}>
          4. 4
        </withTheme(TextComponent)>
      </View>
      <View style={{...}}>
        <withTheme(TextComponent) style={{...}}>
          5. 5
        </withTheme(TextComponent)>
        <withTheme(TextComponent) style={{...}}>
          6. 6
        </withTheme(TextComponent)>
        <withTheme(TextComponent) style={{...}}>
          7. 7
        </withTheme(TextComponent)>
        <withTheme(TextComponent) style={{...}}>
          8. 8
        </withTheme(TextComponent)>
      </View>
      <View style={{...}}>
        <withTheme(TextComponent) style={{...}}>
          9. 9
        </withTheme(TextComponent)>
        <withTheme(TextComponent) style={{...}}>
          10. 10
        </withTheme(TextComponent)>
        <withTheme(TextComponent) style={{...}}>
          11. 11
        </withTheme(TextComponent)>
        <withTheme(TextComponent) style={{...}}>
          12. 12
        </withTheme(TextComponent)>
      </View>
      <View style={{...}}>
        <withTheme(TextComponent) style={{...}}>
          13. 13
        </withTheme(TextComponent)>
        <withTheme(TextComponent) style={{...}}>
          14. 14
        </withTheme(TextComponent)>
        <withTheme(TextComponent) style={{...}}>
          15. 15
        </withTheme(TextComponent)>
        <withTheme(TextComponent) style={{...}}>
          16. 16
        </withTheme(TextComponent)>
      </View>
      <View style={{...}}>
        <withTheme(TextComponent) style={{...}}>
          17. 17
        </withTheme(TextComponent)>
        <withTheme(TextComponent) style={{...}}>
          18. 18
        </withTheme(TextComponent)>
        <withTheme(TextComponent) style={{...}}>
          19. 19
        </withTheme(TextComponent)>
        <withTheme(TextComponent) style={{...}}>
          20. 20
        </withTheme(TextComponent)>
      </View>
      <View style={{...}}>
        <withTheme(TextComponent) style={{...}}>
          21. 21
        </withTheme(TextComponent)>
        <withTheme(TextComponent) style={{...}}>
          22. 22
        </withTheme(TextComponent)>
        <withTheme(TextComponent) style={{...}}>
          23. 23
        </withTheme(TextComponent)>
        <withTheme(TextComponent) style={{...}}>
          24. 24
        </withTheme(TextComponent)>
      </View>
    </View>
    <View style={{...}}>
      <Icon name=\\"warning\\" size={24} style={{...}} allowFontScaling={false} />
      <withTheme(TextComponent) darker={true}>
        Please save the recovery phrase and keep it in a safe place. The recovery phrase is the only way to restore your Moonlet wallet in case you lose your phone or forget your password.
      </withTheme(TextComponent)>
    </View>
  </View>
  <View style={{...}}>
    <withTheme(ButtonComponent) style={{...}} onPress={[Function: onPress]}>
      Copy
    </withTheme(ButtonComponent)>
    <withTheme(ButtonComponent) testID=\\"button-next\\" primary={true} onPress={[Function: onPress]}>
      Next
    </withTheme(ButtonComponent)>
  </View>
</View>"
`;

exports[`creat wallet terms screen component sets correct navigation options 1`] = `
<withTheme(HeaderLeftComponent)
  icon="arrow-left-1"
  onPress={[Function]}
/>
`;

exports[`creat wallet terms screen component sets correct navigation options 2`] = `
Object {
  "headerLeft": [Function],
  "title": "Create",
}
`;
