// Jest Snapshot v1, https://goo.gl/fbAQLP

exports[`creat wallet terms screen component renders correctly 1`] = `
"<View style={{...}}>
  <View style={{...}}>
    <View style={{...}}>
      <View style={{...}}>
        <withTheme(TextComponent) small={true} style={{...}}>
          1
          . 
          pyramid
        </withTheme(TextComponent)>
        <withTheme(TextComponent) small={true} style={{...}}>
          2
          . 
          wonder
        </withTheme(TextComponent)>
        <withTheme(TextComponent) small={true} style={{...}}>
          3
          . 
          swing
        </withTheme(TextComponent)>
        <withTheme(TextComponent) small={true} style={{...}}>
          4
          . 
          file
        </withTheme(TextComponent)>
      </View>
      <View style={{...}}>
        <withTheme(TextComponent) small={true} style={{...}}>
          5
          . 
          promote
        </withTheme(TextComponent)>
        <withTheme(TextComponent) small={true} style={{...}}>
          6
          . 
          end
        </withTheme(TextComponent)>
        <withTheme(TextComponent) small={true} style={{...}}>
          7
          . 
          crush
        </withTheme(TextComponent)>
        <withTheme(TextComponent) small={true} style={{...}}>
          8
          . 
          enemy
        </withTheme(TextComponent)>
      </View>
      <View style={{...}}>
        <withTheme(TextComponent) small={true} style={{...}}>
          9
          . 
          abandon
        </withTheme(TextComponent)>
        <withTheme(TextComponent) small={true} style={{...}}>
          10
          . 
          abstract
        </withTheme(TextComponent)>
        <withTheme(TextComponent) small={true} style={{...}}>
          11
          . 
          eye
        </withTheme(TextComponent)>
        <withTheme(TextComponent) small={true} style={{...}}>
          12
          . 
          frozen
        </withTheme(TextComponent)>
      </View>
      <View style={{...}}>
        <withTheme(TextComponent) small={true} style={{...}}>
          13
          . 
          scissors
        </withTheme(TextComponent)>
        <withTheme(TextComponent) small={true} style={{...}}>
          14
          . 
          radar
        </withTheme(TextComponent)>
        <withTheme(TextComponent) small={true} style={{...}}>
          15
          . 
          dolphin
        </withTheme(TextComponent)>
        <withTheme(TextComponent) small={true} style={{...}}>
          16
          . 
          primary
        </withTheme(TextComponent)>
      </View>
      <View style={{...}}>
        <withTheme(TextComponent) small={true} style={{...}}>
          17
          . 
          stumble
        </withTheme(TextComponent)>
        <withTheme(TextComponent) small={true} style={{...}}>
          18
          . 
          suit
        </withTheme(TextComponent)>
        <withTheme(TextComponent) small={true} style={{...}}>
          19
          . 
          naive
        </withTheme(TextComponent)>
        <withTheme(TextComponent) small={true} style={{...}}>
          20
          . 
          color
        </withTheme(TextComponent)>
      </View>
      <View style={{...}}>
        <withTheme(TextComponent) small={true} style={{...}}>
          21
          . 
          abstract
        </withTheme(TextComponent)>
        <withTheme(TextComponent) small={true} style={{...}}>
          22
          . 
          crowd
        </withTheme(TextComponent)>
        <withTheme(TextComponent) small={true} style={{...}}>
          23
          . 
          tiger
        </withTheme(TextComponent)>
        <withTheme(TextComponent) small={true} style={{...}}>
          24
          . 
          boil
        </withTheme(TextComponent)>
      </View>
    </View>
    <withTheme(TextComponent) darker={true} style={{...}}>
      Please save the recovery phrase and keep it in a safe place. The recovery phrase is the only way to restore your Moonlet wallet in case you lose your phone or forget your password.
    </withTheme(TextComponent)>
  </View>
  <View style={{...}}>
    <withTheme(ButtonComponent) testID=\\"button-next\\" style={{...}} primary={true} onPress={[Function: onPress]}>
      Next
    </withTheme(ButtonComponent)>
  </View>
</View>"
`;

exports[`creat wallet terms screen component sets correct navigation options 1`] = `
Object {
  "title": "Create",
}
`;
