// Jest Snapshot v1, https://goo.gl/fbAQLP

exports[`CardList component renders correctly 1`] = `
"<TouchableHighlight testID=\\"card\\" onPress={[Function: mockConstructor]} underlayColor=\\"#121212\\" activeOpacity={0.85} delayPressOut={100}>
  <View style={{...}}>
    <View style={{...}}>
      <Icon name=\\"money-wallet-1\\" size={44} style={{...}} allowFontScaling={false} />
    </View>
    <View style={{...}}>
      <withTheme(TextComponent) style={{...}}>
        card
      </withTheme(TextComponent)>
    </View>
    <View style={{...}}>
      <Icon name=\\"chevron-right\\" size={33} style={{...}} allowFontScaling={false} />
    </View>
  </View>
</TouchableHighlight>"
`;
